/root/shared-nvme/.conda/envs/LocaleXpert_env/lib/python3.10/site-packages/transformers/utils/generic.py:441: UserWarning: torch.utils._pytree._register_pytree_node is deprecated. Please use torch.utils._pytree.register_pytree_node instead.
  _torch_pytree._register_pytree_node(
/root/shared-nvme/.conda/envs/LocaleXpert_env/lib/python3.10/site-packages/transformers/utils/hub.py:123: FutureWarning: Using `TRANSFORMERS_CACHE` is deprecated and will be removed in v5 of Transformers. Use `HF_HOME` instead.
  warnings.warn(
/root/shared-nvme/.conda/envs/LocaleXpert_env/lib/python3.10/site-packages/transformers/utils/generic.py:309: UserWarning: torch.utils._pytree._register_pytree_node is deprecated. Please use torch.utils._pytree.register_pytree_node instead.
  _torch_pytree._register_pytree_node(
[collect] 1349 logged cases, checkpoints: {'old': 'models/tvdig_checkpoint', 'base': 'models/tvdig_checkpoint_gaia_base', 'v1_s1': 'models/tvdig_checkpoint_gaia_v1_idf_s1', 'v1_s2': 'models/tvdig_checkpoint_gaia_v1_idf_s2', 'v1_s3': 'models/tvdig_checkpoint_gaia_v1_idf_s3'}
[collect] 50/1349 done (failed=0)
[collect] 100/1349 done (failed=0)
[collect] 150/1349 done (failed=0)
[collect] 200/1349 done (failed=0)
[collect] 250/1349 done (failed=0)
[collect] 300/1349 done (failed=0)
[collect] 350/1349 done (failed=0)
[collect] 400/1349 done (failed=0)
[collect] 450/1349 done (failed=0)
[collect] 500/1349 done (failed=0)
[collect] 550/1349 done (failed=0)
[collect] 600/1349 done (failed=0)
[collect] 650/1349 done (failed=0)
[collect] 700/1349 done (failed=0)
[collect] 750/1349 done (failed=0)
[collect] 800/1349 done (failed=0)
[collect] 850/1349 done (failed=0)
[collect] 900/1349 done (failed=0)
[collect] 950/1349 done (failed=0)
[collect] 1000/1349 done (failed=0)
[collect] 1050/1349 done (failed=0)
[collect] 1100/1349 done (failed=0)
[collect] 1150/1349 done (failed=0)
[collect] 1200/1349 done (failed=0)
[collect] 1250/1349 done (failed=0)
[collect] 1300/1349 done (failed=0)
[collect] finished: 1349 cases, failed=0
